
> backend@1.0.0 dev
> node server.js

[dotenv@17.3.1] injecting env (3) from .env -- tip: ΓÜÖ∩╕Å  load multiple .env files with { path: ['.env.local', '.env'] }
Server is running on port 3000
npm : Failed to connect to 
MongoDB: Error: querySrv 
ENOTFOUND _mongodb._tcp.cluster
0.z5i6a.mongodb.net
At line:1 char:1
+ npm run dev > error_log.txt 
2>&1; cat error_log.txt
+ ~~~~~~~~~~~~~~~~~~~~~~~~~~~~~
~~~
    + CategoryInfo          :  
   NotSpecified: (Failed to c  
  onne...i6a.mongodb.net:Str   
 ing) [], RemoteException
    + FullyQualifiedErrorId :  
   NativeCommandError
 
    at QueryReqWrap.onresolve 
[as oncomplete] (node:internal/
dns/promises:292:17) {
  errno: undefined,
  code: 'ENOTFOUND',
  syscall: 'querySrv',
  hostname: '_mongodb._tcp.clus
ter0.z5i6a.mongodb.net'
}
